// Jest Snapshot v1, https://goo.gl/fbAQLP

exports[`client-state-params merge client-state 1`] = `
Object {
  "defaults": Object {
    "foo1": Object {
      "__typename": "Bar1",
      "bar1": false,
    },
    "foo2": Object {
      "__typename": "Bar2",
      "bar2": false,
    },
  },
  "fragmentMatcher": Object {},
  "resolvers": Object {
    "Query": Object {
      "foo1": [Function],
      "foo2": [Function],
    },
  },
  "retryLinkAttemptFuncs": Array [
    [Function],
    [Function],
  ],
  "typeDefs": "type Bar1 {
        bar1: Boolean
      }
      extend type Query {
        foo1(): Bar1
      }
type Todo2 {
        id: String
        message: String!
      }
      extend type Query {
        todo2(id: String!): Todo2
      }
type Query {}
  type Mutation {}",
}
`;

exports[`client-state-params writes defaults to the cache upon initialization 1`] = `
Object {
  "$ROOT_QUERY.foo": Object {
    "__typename": "Bar",
    "bar": true,
  },
  "ROOT_QUERY": Object {
    "foo": Object {
      "generated": true,
      "id": "$ROOT_QUERY.foo",
      "type": "id",
      "typename": "Bar",
    },
  },
}
`;
