// Jest Snapshot v1, https://goo.gl/fbAQLP

exports[`getRoutes utility with basic routes layout routes 1`] = `
Array [
  Object {
    "_pathPrefix": "",
    "component": [Function],
    "exact": false,
    "name": "rootSlash",
    "path": "/",
    "position": "MIDDLE",
    "routes": Array [
      Object {
        "_pathPrefix": "/",
        "component": [Function],
        "exact": false,
        "path": "/",
        "position": "MIDDLE",
      },
      Object {
        "_pathPrefix": "/",
        "component": [Function],
        "exact": true,
        "path": "/home",
        "position": "MIDDLE",
      },
      Object {
        "_pathPrefix": "/",
        "component": [Function],
        "exact": true,
        "path": "/:orgName/create-workspace",
        "position": "MIDDLE",
      },
      Object {
        "_pathPrefix": "/",
        "component": [Function],
        "exact": true,
        "path": "/:orgName/dashboard",
        "position": "MIDDLE",
      },
      Object {
        "_pathPrefix": "/",
        "component": [Function],
        "exact": true,
        "path": "/:orgName/invitation",
        "position": "MIDDLE",
      },
      Object {
        "_pathPrefix": "/",
        "component": [Function],
        "exact": false,
        "path": "/:orgName/members",
        "position": "MIDDLE",
      },
      Object {
        "_pathPrefix": "/",
        "component": [Function],
        "exact": false,
        "path": "/:orgName/pref",
        "position": "MIDDLE",
      },
      Object {
        "_pathPrefix": "/",
        "component": [Function],
        "exact": true,
        "path": "/:orgName/registries",
        "position": "MIDDLE",
      },
      Object {
        "_pathPrefix": "/",
        "component": [Function],
        "exact": true,
        "path": "/:orgName/teams",
        "position": "MIDDLE",
        "routes": Array [
          Object {
            "_pathPrefix": "/",
            "component": [Function],
            "exact": false,
            "path": "/:orgName/teams/view/:teamName",
            "position": "MIDDLE",
          },
        ],
      },
      Object {
        "_pathPrefix": "/",
        "component": [Function],
        "exact": false,
        "path": "/:orgName/usermenu/account",
        "position": "MIDDLE",
        "routes": Array [
          Object {
            "_pathPrefix": "/",
            "component": [Function],
            "exact": false,
            "path": "/:orgName/usermenu/account/",
            "position": "MIDDLE",
          },
        ],
      },
      Object {
        "_pathPrefix": "/",
        "component": [Function],
        "exact": true,
        "path": "/:orgName/usermenu/account-settings",
        "position": "MIDDLE",
      },
      Object {
        "_pathPrefix": "/",
        "component": [Function],
        "exact": false,
        "path": "/:orgName/usermenu/billing",
        "position": "MIDDLE",
      },
      Object {
        "_pathPrefix": "/",
        "component": [Function],
        "exact": true,
        "path": "/:orgName/usermenu/logout",
        "position": "MIDDLE",
      },
      Object {
        "_pathPrefix": "/",
        "component": [Function],
        "exact": true,
        "path": "/:orgName/usermenu/organizations",
        "position": "MIDDLE",
      },
      Object {
        "_pathPrefix": "/",
        "component": [Function],
        "exact": true,
        "path": "/:orgName/usermenu/profile",
        "position": "MIDDLE",
      },
      Object {
        "_pathPrefix": "/",
        "component": [Function],
        "exact": true,
        "path": "/:orgName/usermenu/switch-organization",
        "position": "MIDDLE",
      },
      Object {
        "_pathPrefix": "/",
        "component": undefined,
        "exact": true,
        "path": "/:orgName/workspace/:id",
        "position": "MIDDLE",
        "routes": Array [
          Object {
            "_pathPrefix": "/",
            "component": [Function],
            "exact": true,
            "path": "/:orgName/workspace/:id/details",
            "position": "MIDDLE",
          },
          Object {
            "_pathPrefix": "/",
            "component": [Function],
            "exact": true,
            "path": "/:orgName/workspace/:id/editor",
            "position": "MIDDLE",
          },
        ],
      },
    ],
  },
  Object {
    "_pathPrefix": "",
    "component": [Function],
    "exact": true,
    "path": "/authenticate-popup",
    "position": "MIDDLE",
  },
  Object {
    "_pathPrefix": "",
    "component": [Function],
    "exact": true,
    "path": "/callback",
    "position": "MIDDLE",
  },
  Object {
    "_pathPrefix": "",
    "component": [Function],
    "exact": true,
    "path": "/reset-password",
    "position": "MIDDLE",
  },
  Object {
    "_pathPrefix": "",
    "component": [Function],
    "exact": true,
    "path": "/:test",
    "position": "MIDDLE",
  },
]
`;
