// Jest Snapshot v1, https://goo.gl/fbAQLP

exports[`Test on Course component should render Link component 1`] = `
<div>
  <Link
    0="l"
    1="o"
    10="3"
    11="0"
    12="0"
    13="0"
    14="/"
    2="c"
    3="a"
    4="l"
    5="h"
    6="o"
    7="s"
    8="t"
    9=":"
    replace={false}
    to="undefined"
  >
    Page: undefined
  </Link>
</div>
`;
